// Jest Snapshot v1, https://goo.gl/fbAQLP

exports[`Card snapshot 1`] = `
<div
  className="p-6 rounded-lg bg-white border border-gray-300 shadow-sm"
>
  カードコンポーネント
</div>
`;
